// Jest Snapshot v1, https://goo.gl/fbAQLP

exports[`layouts/default/footer default matches snapshot 1`] = `<footer />`;
